2026-05-24T05:54:55.9668153Z
System.Net.Mail.SmtpException: The SMTP server requires a secure connection or the client was not authenticated. The server response was: 5.7.0 Authentication Required. For more information, go to
   at System.Net.Mail.MailCommand.CheckResponse(SmtpStatusCode statusCode, String response)
   at System.Net.Mail.MailCommand.<SendAsync>g__SendAndCheck|0_0[TIOAdapter](SmtpConnection conn, CancellationToken cancellationToken)
   at System.Net.Mail.SmtpTransport.SendMailAsync[TIOAdapter](MailAddress sender, MailAddressCollection recipients, String deliveryNotify, Boolean allowUnicode, CancellationToken cancellationToken)
   at System.Net.Mail.SmtpClient.SendAsyncInternal[TIOAdapter](MailMessage message, Boolean invokeSendCompleted, Object userToken, Boolean forceWrapExceptions, CancellationToken cancellationToken)
   at System.Net.Mail.SmtpClient.Send(MailMessage message)
   at curs.Services.EmailService.Send(String to, String subject, String body) in C:\Users\user\source\repos\curs\curs\Services\EmailService.cs:line 52

2026-05-24T05:56:28.7560399Z
System.Net.Mail.SmtpException: The SMTP server requires a secure connection or the client was not authenticated. The server response was: 5.7.0 Authentication Required. For more information, go to
   at System.Net.Mail.MailCommand.CheckResponse(SmtpStatusCode statusCode, String response)
   at System.Net.Mail.MailCommand.<SendAsync>g__SendAndCheck|0_0[TIOAdapter](SmtpConnection conn, CancellationToken cancellationToken)
   at System.Net.Mail.SmtpTransport.SendMailAsync[TIOAdapter](MailAddress sender, MailAddressCollection recipients, String deliveryNotify, Boolean allowUnicode, CancellationToken cancellationToken)
   at System.Net.Mail.SmtpClient.SendAsyncInternal[TIOAdapter](MailMessage message, Boolean invokeSendCompleted, Object userToken, Boolean forceWrapExceptions, CancellationToken cancellationToken)
   at System.Net.Mail.SmtpClient.Send(MailMessage message)
   at curs.Services.EmailService.Send(String to, String subject, String body) in C:\Users\user\source\repos\curs\curs\Services\EmailService.cs:line 52

2026-05-24T05:56:52.4731220Z
System.Net.Mail.SmtpException: The SMTP server requires a secure connection or the client was not authenticated. The server response was: 5.7.0 Authentication Required. For more information, go to
   at System.Net.Mail.MailCommand.CheckResponse(SmtpStatusCode statusCode, String response)
   at System.Net.Mail.MailCommand.<SendAsync>g__SendAndCheck|0_0[TIOAdapter](SmtpConnection conn, CancellationToken cancellationToken)
   at System.Net.Mail.SmtpTransport.SendMailAsync[TIOAdapter](MailAddress sender, MailAddressCollection recipients, String deliveryNotify, Boolean allowUnicode, CancellationToken cancellationToken)
   at System.Net.Mail.SmtpClient.SendAsyncInternal[TIOAdapter](MailMessage message, Boolean invokeSendCompleted, Object userToken, Boolean forceWrapExceptions, CancellationToken cancellationToken)
   at System.Net.Mail.SmtpClient.Send(MailMessage message)
   at curs.Services.EmailService.Send(String to, String subject, String body) in C:\Users\user\source\repos\curs\curs\Services\EmailService.cs:line 52

